---
source: tests/snapshots.rs
---
Error {
    context: "could not generate Rust code",
    source: Error {
        context: "write message `CAM_KEEP_ALIVE_1`",
        source: Error {
            context: "write signal impl `NEW_SIGNAL_4`",
            source: Error {
                context: "signal from payload",
                source: "signal ends at 78, but message is only 64 bits",
            },
        },
    },
}
