---
source: tests/snapshots.rs
---
Error {
    context: "could not generate Rust code",
    source: Error {
        context: "write message `Lenkhilfe_1`",
        source: Error {
            context: "write signal impl `LH1_EPS_Diagmode`",
            source: Error {
                context: "signal from payload",
                source: "signal ends at 17, but message is only 16 bits",
            },
        },
    },
}
