---
source: tests/snapshots.rs
---
Error {
    context: "could not generate Rust code",
    source: Error {
        context: "write message `MRR_Detection_022`",
        source: Error {
            context: "write signal impl `CAN_DET_SUPER_RES_TARGET_22_03`",
            source: Error {
                context: "signal from payload",
                source: "signal starts at 207, but message is only 192 bits",
            },
        },
    },
}
