---
source: tests/snapshots.rs
---
Error {
    context: "could not generate Rust code",
    source: Error {
        context: "write message `Message1`",
        source: Error {
            context: "write signal impl `Signal1`",
            source: Error {
                context: "signal from payload",
                source: "signal ends at 9, but message is only 8 bits",
            },
        },
    },
}
